【登录信息】
*4bdbc0e51c831c925b557c44c7b40bdb*
`登陆天数: 29天 / 508天
等级: 130
石头: 2757
呼符: 219
体力: 31.510000000000005 / 138
友情点: 0 / 504720`
*連続ログイン1日目
※ログインが途切れるか、7日到達すると
1日目から再開されます*
`フレンドポイント X 2000
8月交換券(2024) X 1
`*ＢＢプレゼンツ☆セレブサマー・エクスペリエンス！ 開幕記念 ログインボーナス*
*開催期間中、1日1回 最大78回 ログインボーナスをプレゼント！*
`白銀の果実 X 1
`_2024-08-23 19:33:21_
--------
*5397f9aeec3f5b30c84d302599b4eea3*
`登陆天数: 29天 / 502天
等级: 129
石头: 3846
呼符: 183
体力: 144.02 / 138
友情点: 0 / 501130`
*連続ログイン1日目
※ログインが途切れるか、7日到達すると
1日目から再開されます*
`フレンドポイント X 2000
8月交換券(2024) X 1
`*ＢＢプレゼンツ☆セレブサマー・エクスペリエンス！ 開幕記念 ログインボーナス*
*開催期間中、1日1回 最大78回 ログインボーナスをプレゼント！*
`白銀の果実 X 1
`_2024-08-23 19:33:29_
--------
