【登录信息】
*4bdbc0e51c831c925b557c44c7b40bdb*
`登陆天数: 30天 / 509天
等级: 130
石头: 2758
呼符: 219
体力: 59.94333333333333 / 138
友情点: 0 / 477290`
*連続ログイン2日目
※ログインが途切れるか、7日到達すると
1日目から再開されます*
`聖晶石 X 1
8月交換券(2024) X 1
`*ＢＢプレゼンツ☆セレブサマー・エクスペリエンス！ 開幕記念 ログインボーナス*
*開催期間中、1日1回 最大78回 ログインボーナスをプレゼント！*
`白銀の果実 X 1
`_2024-08-24 19:33:14_
--------
*d244953cca638489363cf2e17669faf0*
`登陆天数: 30天 / 503天
等级: 129
石头: 3832
呼符: 174
体力: 170.42333333333335 / 138
友情点: 0 / 503200`
*連続ログイン2日目
※ログインが途切れるか、7日到達すると
1日目から再開されます*
`聖晶石 X 1
8月交換券(2024) X 1
`*ＢＢプレゼンツ☆セレブサマー・エクスペリエンス！ 開幕記念 ログインボーナス*
*開催期間中、1日1回 最大78回 ログインボーナスをプレゼント！*
`白銀の果実 X 1
`_2024-08-24 19:33:23_
--------
