【登录信息】
*4bdbc0e51c831c925b557c44c7b40bdb*
`登陆天数: 31天 / 510天
等级: 130
石头: 2759
呼符: 219
体力: 75.69666666666666 / 138
友情点: 0 / 477440`
*連続ログイン3日目
※ログインが途切れるか、7日到達すると
1日目から再開されます*
`叡智の業火 X 1
8月交換券(2024) X 1
`*ＢＢプレゼンツ☆セレブサマー・エクスペリエンス！ 開幕記念 ログインボーナス*
*開催期間中、1日1回 最大78回 ログインボーナスをプレゼント！*
`白銀の果実 X 1
`_2024-08-25 19:33:20_
--------
*d244953cca638489363cf2e17669faf0*
`登陆天数: 31天 / 504天
等级: 129
石头: 3832
呼符: 174
体力: 458.44 / 138
友情点: 0 / 503200`
*連続ログイン3日目
※ログインが途切れるか、7日到達すると
1日目から再開されます*
`叡智の業火 X 1
8月交換券(2024) X 1
`*ＢＢプレゼンツ☆セレブサマー・エクスペリエンス！ 開幕記念 ログインボーナス*
*開催期間中、1日1回 最大78回 ログインボーナスをプレゼント！*
`白銀の果実 X 1
`_2024-08-25 19:33:28_
--------
