【登录信息】
*4bdbc0e51c831c925b557c44c7b40bdb*
`登陆天数: 33天 / 512天
等级: 130
石头: 2764
呼符: 219
体力: 74.64 / 138
友情点: 0 / 477640`
*連続ログイン5日目
※ログインが途切れるか、7日到達すると
1日目から再開されます*
`叡智の業火 X 2
8月交換券(2024) X 1
`*ＢＢプレゼンツ☆セレブサマー・エクスペリエンス！ 開幕記念 ログインボーナス*
*開催期間中、1日1回 最大78回 ログインボーナスをプレゼント！*
`黄金の果実 X 1
`_2024-08-27 19:34:03_
--------
*d244953cca638489363cf2e17669faf0*
`登陆天数: 33天 / 506天
等级: 129
石头: 3832
呼符: 174
体力: 1034.5866666666666 / 138
友情点: 0 / 503200`
*連続ログイン5日目
※ログインが途切れるか、7日到達すると
1日目から再開されます*
`叡智の業火 X 2
8月交換券(2024) X 1
`*ＢＢプレゼンツ☆セレブサマー・エクスペリエンス！ 開幕記念 ログインボーナス*
*開催期間中、1日1回 最大78回 ログインボーナスをプレゼント！*
`白銀の果実 X 1
`_2024-08-27 19:34:11_
--------
