【登录信息】
*4bdbc0e51c831c925b557c44c7b40bdb*
`登陆天数: 34天 / 513天
等级: 130
石头: 1864
呼符: 219
体力: 116.77333333333334 / 138
友情点: 160 / 477885`
*連続ログイン6日目
※ログインが途切れるか、7日到達すると
1日目から再開されます*
`聖晶石 X 2
8月交換券(2024) X 1
`*奏章Ⅲ 新霊長後継戦 アーキタイプ・インセプション 開幕記念 ログインボーナス*
*開催期間中、1日1回 最大78回 ログインボーナスをプレゼント！*
`白銀の果実 X 1
`_2024-08-28 19:33:28_
--------
*d244953cca638489363cf2e17669faf0*
`登陆天数: 34天 / 507天
等级: 129
石头: 3777
呼符: 164
体力: 121.31 / 138
友情点: 0 / 503360`
*連続ログイン6日目
※ログインが途切れるか、7日到達すると
1日目から再開されます*
`聖晶石 X 2
8月交換券(2024) X 1
`*奏章Ⅲ 新霊長後継戦 アーキタイプ・インセプション 開幕記念 ログインボーナス*
*開催期間中、1日1回 最大78回 ログインボーナスをプレゼント！*
`黄金の果実 X 1
`_2024-08-28 19:33:36_
--------
