【登录信息】
*4bdbc0e51c831c925b557c44c7b40bdb*
`登陆天数: 35天 / 514天
等级: 130
石头: 1864
呼符: 219
体力: 404.79 / 138
友情点: 0 / 477885`
*連続ログイン7日間到達おめでとうございます！
明日は1日目からリスタートされます。*
`獣の足跡 X 1
呼符 X 1
8月交換券(2024) X 1
`*奏章Ⅲ 新霊長後継戦 アーキタイプ・インセプション 開幕記念 ログインボーナス*
*開催期間中、1日1回 最大78回 ログインボーナスをプレゼント！*
`白銀の果実 X 1
`_2024-08-29 19:33:33_
--------
*d244953cca638489363cf2e17669faf0*
`登陆天数: 35天 / 508天
等级: 129
石头: 3777
呼符: 164
体力: 409.33 / 138
友情点: 0 / 503360`
*連続ログイン7日間到達おめでとうございます！
明日は1日目からリスタートされます。*
`獣の足跡 X 1
呼符 X 1
8月交換券(2024) X 1
`*奏章Ⅲ 新霊長後継戦 アーキタイプ・インセプション 開幕記念 ログインボーナス*
*開催期間中、1日1回 最大78回 ログインボーナスをプレゼント！*
`白銀の果実 X 1
`_2024-08-29 19:33:41_
--------
