【登录信息】
*08496a00c41372fa277baff6eaa49a95*
`登陆天数: 38天 / 517天
等级: 130
石头: 1871
呼符: 220
体力: 596.7433333333333 / 138
友情点: 150 / 483580`
*連続ログイン3日目
※ログインが途切れるか、7日到達すると
1日目から再開されます*
`叡智の業火 X 1
9月交換券(2024) X 1
`*使用期限付コンティニューアイテムプレゼント！*
*開催期間中、初回ログインでコンティニューアイテム「霊脈石×3」をプレゼント！*
`霊脈石 X 3
`_2024-09-02 04:20:49_
--------
*d244953cca638489363cf2e17669faf0*
`登陆天数: 38天 / 511天
等级: 129
石头: 3797
呼符: 165
体力: 685.17 / 138
友情点: 0 / 506035`
*連続ログイン3日目
※ログインが途切れるか、7日到達すると
1日目から再開されます*
`叡智の業火 X 1
9月交換券(2024) X 1
`*使用期限付コンティニューアイテムプレゼント！*
*開催期間中、初回ログインでコンティニューアイテム「霊脈石×3」をプレゼント！*
`霊脈石 X 3
`_2024-09-02 04:20:57_
--------
*a9582a09174d249dff6590f240aaee38*
`登陆天数: 3天 / 505天
等级: 130
石头: 3973
呼符: 190
体力: 260.57 / 138
友情点: 0 / 1270`
*連続ログイン3日目
※ログインが途切れるか、7日到達すると
1日目から再開されます*
`叡智の業火 X 1
9月交換券(2024) X 1
`*使用期限付コンティニューアイテムプレゼント！*
*開催期間中、初回ログインでコンティニューアイテム「霊脈石×3」をプレゼント！*
`霊脈石 X 3
`_2024-09-02 04:21:04_
--------
