【登录信息】
*08496a00c41372fa277baff6eaa49a95*
`登陆天数: 39天 / 518天
等级: 130
石头: 1871
呼符: 220
体力: 779.4366666666666 / 138
友情点: 75 / 483655`
*連続ログイン4日目
※ログインが途切れるか、7日到達すると
1日目から再開されます*
`聖晶石 X 1
9月交換券(2024) X 1
`*奏章Ⅲ 新霊長後継戦 アーキタイプ・インセプション 開幕記念 ログインボーナス*
*開催期間中、1日1回 最大78回 ログインボーナスをプレゼント！*
`白銀の果実 X 1
`_2024-09-02 19:34:16_
--------
*d244953cca638489363cf2e17669faf0*
`登陆天数: 39天 / 512天
等级: 129
石头: 3797
呼符: 165
体力: 867.8666666666667 / 138
友情点: 0 / 506035`
*連続ログイン4日目
※ログインが途切れるか、7日到達すると
1日目から再開されます*
`聖晶石 X 1
9月交換券(2024) X 1
`*奏章Ⅲ 新霊長後継戦 アーキタイプ・インセプション 開幕記念 ログインボーナス*
*開催期間中、1日1回 最大78回 ログインボーナスをプレゼント！*
`白銀の果実 X 1
`_2024-09-02 19:34:25_
--------
*a9582a09174d249dff6590f240aaee38*
`登陆天数: 4天 / 506天
等级: 130
石头: 3976
呼符: 190
体力: 186.31666666666666 / 138
友情点: 0 / 1745`
*連続ログイン4日目
※ログインが途切れるか、7日到達すると
1日目から再開されます*
`聖晶石 X 1
9月交換券(2024) X 1
`*奏章Ⅲ 新霊長後継戦 アーキタイプ・インセプション 開幕記念 ログインボーナス*
*開催期間中、1日1回 最大78回 ログインボーナスをプレゼント！*
`白銀の果実 X 1
`_2024-09-02 19:34:33_
--------
