【登录信息】
*08496a00c41372fa277baff6eaa49a95*
`登陆天数: 40天 / 519天
等级: 130
石头: 1871
呼符: 220
体力: 1067.3466666666668 / 138
友情点: 150 / 483805`
*連続ログイン5日目
※ログインが途切れるか、7日到達すると
1日目から再開されます*
`叡智の業火 X 2
9月交換券(2024) X 1
`*奏章Ⅲ 新霊長後継戦 アーキタイプ・インセプション 開幕記念 ログインボーナス*
*開催期間中、1日1回 最大78回 ログインボーナスをプレゼント！*
`黄金の果実 X 1
`_2024-09-03 19:33:49_
--------
*d244953cca638489363cf2e17669faf0*
`登陆天数: 40天 / 513天
等级: 129
石头: 3797
呼符: 165
体力: 1155.7733333333333 / 138
友情点: 0 / 506035`
*連続ログイン5日目
※ログインが途切れるか、7日到達すると
1日目から再開されます*
`叡智の業火 X 2
9月交換券(2024) X 1
`*奏章Ⅲ 新霊長後継戦 アーキタイプ・インセプション 開幕記念 ログインボーナス*
*開催期間中、1日1回 最大78回 ログインボーナスをプレゼント！*
`白銀の果実 X 1
`_2024-09-03 19:33:57_
--------
*a9582a09174d249dff6590f240aaee38*
`登陆天数: 5天 / 507天
等级: 131
石头: 3977
呼符: 190
体力: 204.92333333333335 / 138
友情点: 0 / 2295`
*連続ログイン5日目
※ログインが途切れるか、7日到達すると
1日目から再開されます*
`叡智の業火 X 2
9月交換券(2024) X 1
`*奏章Ⅲ 新霊長後継戦 アーキタイプ・インセプション 開幕記念 ログインボーナス*
*開催期間中、1日1回 最大78回 ログインボーナスをプレゼント！*
`白銀の果実 X 1
`_2024-09-03 19:34:05_
--------
