【登录信息】
*08496a00c41372fa277baff6eaa49a95*
`登陆天数: 42天 / 521天
等级: 130
石头: 1871
呼符: 220
体力: 1643.2533333333333 / 138
友情点: 100 / 483905`
*連続ログイン7日間到達おめでとうございます！
明日は1日目からリスタートされます。*
`獣の足跡 X 1
呼符 X 1
9月交換券(2024) X 1
`*「奏章Ⅲ 新霊長後継戦 アーキタイプ・インセプション」(中編)開幕直前カウントダウンログインボーナス*
*開催期間中、1日1回 6日間日替わりでログインボーナスをプレゼント！*
`黄金の果実 X 3
`_2024-09-05 19:33:21_
--------
*d244953cca638489363cf2e17669faf0*
`登陆天数: 42天 / 515天
等级: 129
石头: 3797
呼符: 165
体力: 1731.6833333333334 / 138
友情点: 0 / 506035`
*連続ログイン7日間到達おめでとうございます！
明日は1日目からリスタートされます。*
`獣の足跡 X 1
呼符 X 1
9月交換券(2024) X 1
`*「奏章Ⅲ 新霊長後継戦 アーキタイプ・インセプション」(中編)開幕直前カウントダウンログインボーナス*
*開催期間中、1日1回 6日間日替わりでログインボーナスをプレゼント！*
`黄金の果実 X 3
`_2024-09-05 19:33:30_
--------
*a9582a09174d249dff6590f240aaee38*
`登陆天数: 7天 / 509天
等级: 131
石头: 3994
呼符: 190
体力: 101.07666666666667 / 138
友情点: 0 / 3195`
*連続ログイン7日間到達おめでとうございます！
明日は1日目からリスタートされます。*
`獣の足跡 X 1
呼符 X 1
9月交換券(2024) X 1
`*「奏章Ⅲ 新霊長後継戦 アーキタイプ・インセプション」(中編)開幕直前カウントダウンログインボーナス*
*開催期間中、1日1回 6日間日替わりでログインボーナスをプレゼント！*
`黄金の果実 X 3
`_2024-09-05 19:33:38_
--------
