【登录信息】
*08496a00c41372fa277baff6eaa49a95*
`登陆天数: 43天 / 522天
等级: 130
石头: 1871
呼符: 220
体力: 1931.2533333333333 / 138
友情点: 75 / 483980`
*連続ログイン1日目
※ログインが途切れるか、7日到達すると
1日目から再開されます*
`フレンドポイント X 2000
9月交換券(2024) X 1
`*「奏章Ⅲ 新霊長後継戦 アーキタイプ・インセプション」(中編)開幕直前カウントダウンログインボーナス*
*開催期間中、1日1回 6日間日替わりでログインボーナスをプレゼント！*
`叡智の業火 X 10
`_2024-09-06 19:33:21_
--------
*d244953cca638489363cf2e17669faf0*
`登陆天数: 43天 / 516天
等级: 129
石头: 3797
呼符: 165
体力: 2019.68 / 138
友情点: 0 / 506035`
*連続ログイン1日目
※ログインが途切れるか、7日到達すると
1日目から再開されます*
`フレンドポイント X 2000
9月交換券(2024) X 1
`*「奏章Ⅲ 新霊長後継戦 アーキタイプ・インセプション」(中編)開幕直前カウントダウンログインボーナス*
*開催期間中、1日1回 6日間日替わりでログインボーナスをプレゼント！*
`叡智の業火 X 10
`_2024-09-06 19:33:29_
--------
*a9582a09174d249dff6590f240aaee38*
`登陆天数: 8天 / 510天
等级: 131
石头: 4009
呼符: 190
体力: 117.05 / 138
友情点: 0 / 3670`
*連続ログイン1日目
※ログインが途切れるか、7日到達すると
1日目から再開されます*
`フレンドポイント X 2000
9月交換券(2024) X 1
`*「奏章Ⅲ 新霊長後継戦 アーキタイプ・インセプション」(中編)開幕直前カウントダウンログインボーナス*
*開催期間中、1日1回 6日間日替わりでログインボーナスをプレゼント！*
`叡智の業火 X 10
`_2024-09-06 19:33:37_
--------
