【登录信息】
*08496a00c41372fa277baff6eaa49a95*
`登陆天数: 44天 / 523天
等级: 130
石头: 1871
呼符: 220
体力: 2219.32 / 138
友情点: 75 / 484055`
*連続ログイン2日目
※ログインが途切れるか、7日到達すると
1日目から再開されます*
`聖晶石 X 1
9月交換券(2024) X 1
`*「奏章Ⅲ 新霊長後継戦 アーキタイプ・インセプション」(中編)開幕直前カウントダウンログインボーナス*
*開催期間中、1日1回 6日間日替わりでログインボーナスをプレゼント！*
`QP X 3000000
`_2024-09-07 19:33:41_
--------
*d244953cca638489363cf2e17669faf0*
`登陆天数: 44天 / 517天
等级: 129
石头: 3797
呼符: 165
体力: 2307.7433333333333 / 138
友情点: 0 / 506035`
*連続ログイン2日目
※ログインが途切れるか、7日到達すると
1日目から再開されます*
`聖晶石 X 1
9月交換券(2024) X 1
`*「奏章Ⅲ 新霊長後継戦 アーキタイプ・インセプション」(中編)開幕直前カウントダウンログインボーナス*
*開催期間中、1日1回 6日間日替わりでログインボーナスをプレゼント！*
`QP X 3000000
`_2024-09-07 19:33:49_
--------
*a9582a09174d249dff6590f240aaee38*
`登陆天数: 9天 / 511天
等级: 131
石头: 4009
呼符: 191
体力: 186.27 / 138
友情点: 0 / 5745`
*連続ログイン2日目
※ログインが途切れるか、7日到達すると
1日目から再開されます*
`聖晶石 X 1
9月交換券(2024) X 1
`*「奏章Ⅲ 新霊長後継戦 アーキタイプ・インセプション」(中編)開幕直前カウントダウンログインボーナス*
*開催期間中、1日1回 6日間日替わりでログインボーナスをプレゼント！*
`QP X 3000000
`_2024-09-07 19:33:57_
--------
