【登录信息】
*08496a00c41372fa277baff6eaa49a95*
`登陆天数: 45天 / 524天
等级: 130
石头: 1871
呼符: 220
体力: 2507.26 / 138
友情点: 85 / 484140`
*連続ログイン3日目
※ログインが途切れるか、7日到達すると
1日目から再開されます*
`叡智の業火 X 1
9月交換券(2024) X 1
`*「奏章Ⅲ 新霊長後継戦 アーキタイプ・インセプション」(中編)開幕直前カウントダウンログインボーナス*
*開催期間中、1日1回 6日間日替わりでログインボーナスをプレゼント！*
`英霊結晶・星のフォウくん X 10
`_2024-09-08 19:33:24_
--------
*d244953cca638489363cf2e17669faf0*
`登陆天数: 45天 / 518天
等级: 129
石头: 3797
呼符: 165
体力: 2595.6866666666665 / 138
友情点: 0 / 506035`
*連続ログイン3日目
※ログインが途切れるか、7日到達すると
1日目から再開されます*
`叡智の業火 X 1
9月交換券(2024) X 1
`*「奏章Ⅲ 新霊長後継戦 アーキタイプ・インセプション」(中編)開幕直前カウントダウンログインボーナス*
*開催期間中、1日1回 6日間日替わりでログインボーナスをプレゼント！*
`英霊結晶・星のフォウくん X 10
`_2024-09-08 19:33:32_
--------
*a9582a09174d249dff6590f240aaee38*
`登陆天数: 10天 / 512天
等级: 131
石头: 4010
呼符: 191
体力: 213.38333333333333 / 138
友情点: 0 / 5820`
*連続ログイン3日目
※ログインが途切れるか、7日到達すると
1日目から再開されます*
`叡智の業火 X 1
9月交換券(2024) X 1
`*「奏章Ⅲ 新霊長後継戦 アーキタイプ・インセプション」(中編)開幕直前カウントダウンログインボーナス*
*開催期間中、1日1回 6日間日替わりでログインボーナスをプレゼント！*
`英霊結晶・星のフォウくん X 10
`_2024-09-08 19:33:40_
--------
