【登录信息】
*08496a00c41372fa277baff6eaa49a95*
`登陆天数: 46天 / 525天
等级: 130
石头: 1871
呼符: 220
体力: 2795.28 / 138
友情点: 30 / 484170`
*連続ログイン4日目
※ログインが途切れるか、7日到達すると
1日目から再開されます*
`聖晶石 X 1
9月交換券(2024) X 1
`*「奏章Ⅲ 新霊長後継戦 アーキタイプ・インセプション」(中編)開幕直前カウントダウンログインボーナス*
*開催期間中、1日1回 6日間日替わりでログインボーナスをプレゼント！*
`英霊結晶・太陽のフォウくん X 10
`_2024-09-09 19:33:29_
--------
*d244953cca638489363cf2e17669faf0*
`登陆天数: 46天 / 519天
等级: 129
石头: 3797
呼符: 165
体力: 2883.7066666666665 / 138
友情点: 0 / 506035`
*連続ログイン4日目
※ログインが途切れるか、7日到達すると
1日目から再開されます*
`聖晶石 X 1
9月交換券(2024) X 1
`*「奏章Ⅲ 新霊長後継戦 アーキタイプ・インセプション」(中編)開幕直前カウントダウンログインボーナス*
*開催期間中、1日1回 6日間日替わりでログインボーナスをプレゼント！*
`英霊結晶・太陽のフォウくん X 10
`_2024-09-09 19:33:37_
--------
*a9582a09174d249dff6590f240aaee38*
`登陆天数: 11天 / 513天
等级: 131
石头: 4010
呼符: 191
体力: 501.4033333333333 / 138
友情点: 0 / 5820`
*連続ログイン4日目
※ログインが途切れるか、7日到達すると
1日目から再開されます*
`聖晶石 X 1
9月交換券(2024) X 1
`*「奏章Ⅲ 新霊長後継戦 アーキタイプ・インセプション」(中編)開幕直前カウントダウンログインボーナス*
*開催期間中、1日1回 6日間日替わりでログインボーナスをプレゼント！*
`英霊結晶・太陽のフォウくん X 10
`_2024-09-09 19:33:46_
--------
