【登录信息】
*08496a00c41372fa277baff6eaa49a95*
`登陆天数: 48天 / 527天
等级: 130
石头: 1871
呼符: 220
体力: 3371.463333333333 / 138
友情点: 50 / 484230`
*連続ログイン6日目
※ログインが途切れるか、7日到達すると
1日目から再開されます*
`聖晶石 X 2
9月交換券(2024) X 1
`*奏章Ⅲ 新霊長後継戦 アーキタイプ・インセプション 開幕記念 ログインボーナス*
*開催期間中、1日1回 最大78回 ログインボーナスをプレゼント！*
`白銀の果実 X 1
`_2024-09-11 19:34:24_
--------
*d244953cca638489363cf2e17669faf0*
`登陆天数: 48天 / 521天
等级: 129
石头: 3797
呼符: 165
体力: 3459.89 / 138
友情点: 0 / 506035`
*連続ログイン6日目
※ログインが途切れるか、7日到達すると
1日目から再開されます*
`聖晶石 X 2
9月交換券(2024) X 1
`*奏章Ⅲ 新霊長後継戦 アーキタイプ・インセプション 開幕記念 ログインボーナス*
*開催期間中、1日1回 最大78回 ログインボーナスをプレゼント！*
`黄金の果実 X 1
`_2024-09-11 19:34:32_
--------
*a9582a09174d249dff6590f240aaee38*
`登陆天数: 13天 / 515天
等级: 131
石头: 4019
呼符: 191
体力: 47.5 / 138
友情点: 0 / 6470`
*連続ログイン6日目
※ログインが途切れるか、7日到達すると
1日目から再開されます*
`聖晶石 X 2
9月交換券(2024) X 1
`*奏章Ⅲ 新霊長後継戦 アーキタイプ・インセプション 開幕記念 ログインボーナス*
*開催期間中、1日1回 最大78回 ログインボーナスをプレゼント！*
`白銀の果実 X 1
`_2024-09-11 19:34:41_
--------
