【登录信息】
*08496a00c41372fa277baff6eaa49a95*
`登陆天数: 49天 / 528天
等级: 130
石头: 1871
呼符: 220
体力: 3659.27 / 138
友情点: 100 / 484330`
*連続ログイン7日間到達おめでとうございます！
明日は1日目からリスタートされます。*
`獣の足跡 X 1
呼符 X 1
9月交換券(2024) X 1
`*奏章Ⅲ 新霊長後継戦 アーキタイプ・インセプション 開幕記念 ログインボーナス*
*開催期間中、1日1回 最大78回 ログインボーナスをプレゼント！*
`白銀の果実 X 1
`_2024-09-12 19:33:26_
--------
*d244953cca638489363cf2e17669faf0*
`登陆天数: 49天 / 522天
等级: 129
石头: 3797
呼符: 165
体力: 3747.6966666666667 / 138
友情点: 0 / 506035`
*連続ログイン7日間到達おめでとうございます！
明日は1日目からリスタートされます。*
`獣の足跡 X 1
呼符 X 1
9月交換券(2024) X 1
`*奏章Ⅲ 新霊長後継戦 アーキタイプ・インセプション 開幕記念 ログインボーナス*
*開催期間中、1日1回 最大78回 ログインボーナスをプレゼント！*
`白銀の果実 X 1
`_2024-09-12 19:33:34_
--------
*a9582a09174d249dff6590f240aaee38*
`登陆天数: 14天 / 516天
等级: 131
石头: 4028
呼符: 191
体力: 98.24000000000001 / 138
友情点: 0 / 7370`
*連続ログイン7日間到達おめでとうございます！
明日は1日目からリスタートされます。*
`獣の足跡 X 1
呼符 X 1
9月交換券(2024) X 1
`*奏章Ⅲ 新霊長後継戦 アーキタイプ・インセプション 開幕記念 ログインボーナス*
*開催期間中、1日1回 最大78回 ログインボーナスをプレゼント！*
`黄金の果実 X 1
`_2024-09-12 19:33:43_
--------
