【登录信息】
*08496a00c41372fa277baff6eaa49a95*
`登陆天数: 51天 / 530天
等级: 130
石头: 1871
呼符: 220
体力: 4235.28 / 138
友情点: 0 / 484330`
*連続ログイン2日目
※ログインが途切れるか、7日到達すると
1日目から再開されます*
`聖晶石 X 1
9月交換券(2024) X 1
`*奏章Ⅲ 新霊長後継戦 アーキタイプ・インセプション 開幕記念 ログインボーナス*
*開催期間中、1日1回 最大78回 ログインボーナスをプレゼント！*
`白銀の果実 X 1
`_2024-09-14 19:33:30_
--------
*d244953cca638489363cf2e17669faf0*
`登陆天数: 51天 / 524天
等级: 129
石头: 3797
呼符: 165
体力: 4323.706666666667 / 138
友情点: 0 / 506035`
*連続ログイン2日目
※ログインが途切れるか、7日到達すると
1日目から再開されます*
`聖晶石 X 1
9月交換券(2024) X 1
`*奏章Ⅲ 新霊長後継戦 アーキタイプ・インセプション 開幕記念 ログインボーナス*
*開催期間中、1日1回 最大78回 ログインボーナスをプレゼント！*
`白銀の果実 X 1
`_2024-09-14 19:33:38_
--------
*a9582a09174d249dff6590f240aaee38*
`登陆天数: 16天 / 518天
等级: 131
石头: 4028
呼符: 191
体力: 674.25 / 138
友情点: 0 / 7370`
*連続ログイン2日目
※ログインが途切れるか、7日到達すると
1日目から再開されます*
`聖晶石 X 1
9月交換券(2024) X 1
`*奏章Ⅲ 新霊長後継戦 アーキタイプ・インセプション 開幕記念 ログインボーナス*
*開催期間中、1日1回 最大78回 ログインボーナスをプレゼント！*
`白銀の果実 X 1
`_2024-09-14 19:33:45_
--------
