【登录信息】
*08496a00c41372fa277baff6eaa49a95*
`登陆天数: 54天 / 533天
等级: 130
石头: 1871
呼符: 220
体力: 5099.283333333334 / 138
友情点: 0 / 484340`
*連続ログイン5日目
※ログインが途切れるか、7日到達すると
1日目から再開されます*
`叡智の業火 X 2
9月交換券(2024) X 1
`*「奏章Ⅲ 新霊長後継戦 アーキタイプ・インセプション」(後編)
開幕直前&攻略応援特別ログインボーナス*
*開催期間中、1日1回 最大8回 ログインボーナスをプレゼント！*
`黄金の果実 X 2
`_2024-09-17 19:33:30_
--------
*d244953cca638489363cf2e17669faf0*
`登陆天数: 54天 / 527天
等级: 129
石头: 3797
呼符: 165
体力: 5187.71 / 138
友情点: 0 / 506035`
*連続ログイン5日目
※ログインが途切れるか、7日到達すると
1日目から再開されます*
`叡智の業火 X 2
9月交換券(2024) X 1
`*「奏章Ⅲ 新霊長後継戦 アーキタイプ・インセプション」(後編)
開幕直前&攻略応援特別ログインボーナス*
*開催期間中、1日1回 最大8回 ログインボーナスをプレゼント！*
`黄金の果実 X 2
`_2024-09-17 19:33:38_
--------
*a9582a09174d249dff6590f240aaee38*
`登陆天数: 19天 / 521天
等级: 131
石头: 4028
呼符: 191
体力: 1538.2533333333333 / 138
友情点: 0 / 7370`
*連続ログイン5日目
※ログインが途切れるか、7日到達すると
1日目から再開されます*
`叡智の業火 X 2
9月交換券(2024) X 1
`*「奏章Ⅲ 新霊長後継戦 アーキタイプ・インセプション」(後編)
開幕直前&攻略応援特別ログインボーナス*
*開催期間中、1日1回 最大8回 ログインボーナスをプレゼント！*
`黄金の果実 X 2
`_2024-09-17 19:33:46_
--------
